// Jest Snapshot v1, https://goo.gl/fbAQLP

exports[`<Accordion /> renders Accordion with FAQ data 1`] = `
<div
  class="accordion__Container-sc-1pxz54l-0 dsionx"
>
  <div
    class="accordion__Inner-sc-1pxz54l-1"
  >
    <h1
      class="accordion__Title-sc-1pxz54l-2 dbluKp"
    >
      Frequently Asked Questions
    </h1>
    <div
      class="accordion__Frame-sc-1pxz54l-3 cUHtCp"
    >
      <div
        class="accordion__Item-sc-1pxz54l-4 cImjvy"
      >
        <div
          class="accordion__Header-sc-1pxz54l-5 hRaHcY"
        >
          What is Netflix?
           
          <img
            alt=""
            src="/images/icons/add.png"
          />
        </div>
        <div
          class="accordion__Body-sc-1pxz54l-6 hWJBhX closed"
        >
          <span>
            Netflix is a streaming service that offers a wide variety of award-winning TV shows, movies, anime, documentaries, and more on thousands of internet-connected devices.

You can watch as much as you want, whenever you want without a single commercial – all for one low monthly price. There's always something new to discover and new TV shows and movies are added every week!
          </span>
        </div>
      </div>
      <div
        class="accordion__Item-sc-1pxz54l-4 cImjvy"
      >
        <div
          class="accordion__Header-sc-1pxz54l-5 hRaHcY"
        >
          How much does Netflix cost?
           
          <img
            alt=""
            src="/images/icons/add.png"
          />
        </div>
        <div
          class="accordion__Body-sc-1pxz54l-6 hWJBhX closed"
        >
          <span>
            Watch Netflix on your smartphone, tablet, Smart TV, laptop, or streaming device, all for one fixed monthly fee. Plans range from RUB599 to RUB999 a month. No extra costs, no contracts.
          </span>
        </div>
      </div>
      <div
        class="accordion__Item-sc-1pxz54l-4 cImjvy"
      >
        <div
          class="accordion__Header-sc-1pxz54l-5 hRaHcY"
        >
          Where can I watch?
           
          <img
            alt=""
            src="/images/icons/add.png"
          />
        </div>
        <div
          class="accordion__Body-sc-1pxz54l-6 hWJBhX closed"
        >
          <span>
            Watch anywhere, anytime, on an unlimited number of devices. Sign in with your Netflix account to watch instantly on the web at netflix.com from your personal computer or on any internet-connected device that offers the Netflix app, including smart TVs, smartphones, tablets, streaming media players and game consoles.

You can also download your favorite shows with the iOS, Android, or Windows 10 app. Use downloads to watch while you're on the go and without an internet connection. Take Netflix with you anywhere.
          </span>
        </div>
      </div>
      <div
        class="accordion__Item-sc-1pxz54l-4 cImjvy"
      >
        <div
          class="accordion__Header-sc-1pxz54l-5 hRaHcY"
        >
          How do I cancel?
           
          <img
            alt=""
            src="/images/icons/add.png"
          />
        </div>
        <div
          class="accordion__Body-sc-1pxz54l-6 hWJBhX closed"
        >
          <span>
            Netflix is flexible. There are no pesky contracts and no commitments. You can easily cancel your account online in two clicks. There are no cancellation fees – start or stop your account anytime.
          </span>
        </div>
      </div>
      <div
        class="accordion__Item-sc-1pxz54l-4 cImjvy"
      >
        <div
          class="accordion__Header-sc-1pxz54l-5 hRaHcY"
        >
          What can I watch on Netflix?
           
          <img
            alt=""
            src="/images/icons/add.png"
          />
        </div>
        <div
          class="accordion__Body-sc-1pxz54l-6 hWJBhX closed"
        >
          <span>
            Netflix has an extensive library of feature films, documentaries, TV shows, anime, award-winning Netflix originals, and more. Watch as much as you want, anytime you want.
          </span>
        </div>
      </div>
      <div
        class="accordion__Item-sc-1pxz54l-4 cImjvy"
      >
        <div
          class="accordion__Header-sc-1pxz54l-5 hRaHcY"
        >
          Is Netflix good for kids?
           
          <img
            alt=""
            src="/images/icons/add.png"
          />
        </div>
        <div
          class="accordion__Body-sc-1pxz54l-6 hWJBhX closed"
        >
          <span>
            The Netflix Kids experience is included in your membership to give parents control while kids enjoy family-friendly TV shows and movies in their own space.

Kids profiles come with PIN-protected parental controls that let you restrict the maturity rating of content kids can watch and block specific titles you don’t want kids to see.
          </span>
        </div>
      </div>
    </div>
  </div>
</div>
`;
